#-----------------------------------------------------------
# Vivado v2024.1 (64-bit)
# SW Build 5076996 on Wed May 22 18:37:14 MDT 2024
# IP Build 5075265 on Wed May 22 21:45:21 MDT 2024
# SharedData Build 5076995 on Wed May 22 18:29:18 MDT 2024
# Start of session at: Mon Jan  6 20:44:47 2025
# Process ID: 14664
# Current directory: C:/Users/Martin Stoyanov/IdeaProjects/va3aui/verilog/4_bit_counter/4_bit_counter.runs/impl_1
# Command line: vivado.exe -log four_bit_counter.vdi -applog -product Vivado -messageDb vivado.pb -mode batch -source four_bit_counter.tcl -notrace
# Log file: C:/Users/Martin Stoyanov/IdeaProjects/va3aui/verilog/4_bit_counter/4_bit_counter.runs/impl_1/four_bit_counter.vdi
# Journal file: C:/Users/Martin Stoyanov/IdeaProjects/va3aui/verilog/4_bit_counter/4_bit_counter.runs/impl_1\vivado.jou
# Running On        :DESKTOP
# Platform          :Windows Server 2016 or Windows 10
# Operating System  :19045
# Processor Detail  :AMD Ryzen 7 1700 Eight-Core Processor          
# CPU Frequency     :2994 MHz
# CPU Physical cores:8
# CPU Logical cores :16
# Host memory       :17110 MB
# Swap memory       :9942 MB
# Total Virtual     :27052 MB
# Available Virtual :12008 MB
#-----------------------------------------------------------
source four_bit_counter.tcl -notrace
