#-----------------------------------------------------------
# Vivado v2024.1 (64-bit)
# SW Build 5076996 on Wed May 22 18:37:14 MDT 2024
# IP Build 5075265 on Wed May 22 21:45:21 MDT 2024
# SharedData Build 5076995 on Wed May 22 18:29:18 MDT 2024
# Start of session at: Fri Dec 27 15:19:58 2024
# Process ID: 11188
# Current directory: C:/Users/Martin Stoyanov/IdeaProjects/va3aui/verilog/rx/rx.runs/rx_dds_compiler_0_0_synth_1
# Command line: vivado.exe -log rx_dds_compiler_0_0.vds -product Vivado -mode batch -messageDb vivado.pb -notrace -source rx_dds_compiler_0_0.tcl
# Log file: C:/Users/Martin Stoyanov/IdeaProjects/va3aui/verilog/rx/rx.runs/rx_dds_compiler_0_0_synth_1/rx_dds_compiler_0_0.vds
# Journal file: C:/Users/Martin Stoyanov/IdeaProjects/va3aui/verilog/rx/rx.runs/rx_dds_compiler_0_0_synth_1\vivado.jou
# Running On        :DESKTOP
# Platform          :Windows Server 2016 or Windows 10
# Operating System  :19045
# Processor Detail  :AMD Ryzen 7 1700 Eight-Core Processor          
# CPU Frequency     :2994 MHz
# CPU Physical cores:8
# CPU Logical cores :16
# Host memory       :17110 MB
# Swap memory       :10021 MB
# Total Virtual     :27131 MB
# Available Virtual :12909 MB
#-----------------------------------------------------------
source rx_dds_compiler_0_0.tcl -notrace
